#######################################################
#	Document: (Geo .. Sin Enredos + Ejemplos y Extras)
#	Version: 0.1.1
#   Licence: GNU GPL
#	Autor: Andres Herrera
#   Contact: t763rm3n at gmail.com	
#######################################################

MAP
	NAME Ejemplo11
		SIZE 700 500
		STATUS ON
		EXTENT -88 -5 -62 13
		
		SHAPEPATH "shapes/"
		FONTSET "misc/fonts/fonts.txt"
		SYMBOLSET "misc/symbols/symbols.sym"
		
		IMAGECOLOR 255 255 255
		UNITS dd

	WEB
		METADATA  
			"wms_title"           	"Ejemplo WMS de Geo Sin Enredos, Ejemplos y Extras by Andres Herrera"
			"wms_onlineresource"  	"http://localhost/cgi-bin/mapserv.exe?map=../htdocs/MFD/ejemplo11.map&"
			"wms_srs"       		"EPSG:4326"
			"wms_transparent"       "true"
		END
	END
	
	PROJECTION
		"init=epsg:4326"
	END

	LAYER
		NAME "Poligonos"
		
		METADATA
			"wms_srs"             "EPSG:4326"
			"wms_name"            "Poligonos"
			"wms_server_version"  "1.1.1"
			"wms_format"          "image/png"
			"wms_transparent"     "true"
		END	
		
		STATUS ON
		DATA "poligono.shp"
		TYPE POLYGON
		CLASS
			STYLE
				COLOR 255 123 0
				OUTLINECOLOR 0 0 0
			END
		END
	END
	
	LAYER
		NAME "Lineas"
		
		METADATA
			"wms_srs"             "EPSG:4326"
			"wms_name"            "Lineas"
			"wms_server_version"  "1.1.1"
			"wms_format"          "image/png"
			"wms_transparent"     "true"
		END	
		
		STATUS ON
		DATA "lineas.shp"
		TYPE LINE
		CLASS
			STYLE
				COLOR 0 0 0
				OUTLINECOLOR 0 0 0
			END
		END
	END
	
	LAYER
		NAME "Puntos"
		
		METADATA
			"wms_srs"             "EPSG:4326"
			"wms_name"            "Puntos"
			"wms_server_version"  "1.1.1"
			"wms_format"          "image/png"
			"wms_transparent"     "true"
		END	
		
		STATUS ON
		DATA "puntos.shp"
		TYPE POINT
		CLASS
			STYLE
			    SYMBOL star
				SIZE 10
				COLOR 0 34 125
				OUTLINECOLOR 0 255 0
			END
		END
	END
	
END