#######################################################
#	Document: (Geo .. Sin Enredos + Ejemplos y Extras)
#	Version: 0.1.1
#   Licence: GNU GPL
#	Autor: Andres Herrera
#   Contact: t763rm3n at gmail.com	
#######################################################

MAP
	NAME Labels
		SIZE 700 500
		STATUS ON
		EXTENT -88 -5 -62 13
		
		SHAPEPATH "shapes/"
		FONTSET "misc/fonts/fonts.txt"
		SYMBOLSET "misc/symbols/symbols.sym"
		
		IMAGECOLOR 255 255 255
		UNITS dd

	WEB
		IMAGEPATH "C:/ms4w/Apache/htdocs/mfd_win/tmp/"
		IMAGEURL "tmp/"
	END

	LAYER
		NAME "Poligonos"
		STATUS ON
		DATA "poligono.shp"
		
		LABELITEM "CNTRY_NAME"
		LABELCACHE ON

		TYPE POLYGON
		CLASS
			STYLE
				COLOR 255 123 0
				OUTLINECOLOR 0 0 0
			END
			
			
			LABEL
				COLOR 0 0 0
				FONT sans
				TYPE TRUETYPE
				POSITION CC
				PARTIALS TRUE
				SIZE 7
				BUFFER 1
				OUTLINECOLOR 255 255 255
			END

		END
	END
	
	LAYER
		NAME "Lineas"
		STATUS ON
		DATA "lineas.shp"
		
		LABELITEM "texto"
		LABELCACHE ON
		
		TYPE LINE
		CLASS
			STYLE
				COLOR 0 0 0
				OUTLINECOLOR 0 0 0
			END
			
			LABEL
				COLOR 0 0 0
				FONT sans
				TYPE TRUETYPE
				POSITION CC
				PARTIALS TRUE
				SIZE 7
				BUFFER 1
				OUTLINECOLOR 255 255 0
			END
			
		END
	END
	
	LAYER
		NAME "Puntos"
		STATUS ON
		DATA "puntos.shp"
		
		LABELITEM "texto"
		LABELCACHE ON
		
		TYPE POINT
		CLASS
			STYLE
			    SYMBOL star
				SIZE 10
				COLOR 0 34 125
				OUTLINECOLOR 0 255 0
			END
			
			LABEL
				COLOR 0 0 0
				FONT sans
				TYPE TRUETYPE
				POSITION LL
				PARTIALS TRUE
				SIZE 7
				BUFFER 1
				OUTLINECOLOR 0 255 255
			END
			
		END
	END
	
END